Acquiring Graph API Token...
Loaded 5852 already-indexed SharePoint URLs to skip.
Starting bulk ingestion up to 2 PDF files from SharePoint drive b!B-7HUIiKSkSiffd89AOOpg4TlR-_IVdAqU3Y9OfYUd3cS_3_K3MzSJBTs5DxYkn7 using native PDF search...
Discovering all PDF files from SharePoint...
Discovered 55520 files. Sorting chronologically...
Processing File ID: 016VTJOGLDQM7GQZMU3ZBJ2AH7YLMSI7JM - 064835044.pdf...
  Extracting text...
  Generated 2 chunks.
Processing File ID: 016VTJOGICOCQVWEYNHNBLP6Z2L57BAOWE - 064838549.pdf...
  Extracting text...
  Generated 3 chunks.
Uploading 5 chunks to Azure Search from batch...
Finished uploading chunks from this batch.
Bulk load complete. Processed 2 files.
ated 2 chunks.
Processing File ID: 016VTJOGLDQM7GQZMU3ZBJ2AH7YLMSI7JM - 064835044.pdf...
  Extracting text...
  Generated 2 chunks.
Uploading 4 chunks to Azure Search from batch...
Finished uploading chunks from this batch.
Bulk load complete. Processed 2 files.
